2026/03/08 23:06:09 [Config] 配置加载成功: ./config/config.json
2026/03/08 23:06:09 [api-service] 服务启动中...
2026/03/08 23:06:09 [Database] 正在连接数据库: yanghao@139.196.242.169:3306/video_server
2026/03/08 23:06:09 [Database] 数据库连接成功
[GIN-debug] [WARNING] Creating an Engine instance with the Logger and Recovery middleware already attached.

[GIN-debug] [WARNING] Running in "debug" mode. Switch to "release" mode in production.
 - using env:	export GIN_MODE=release
 - using code:	gin.SetMode(gin.ReleaseMode)

[GIN-debug] POST   /user                     --> video-server/api.CreateUser (4 handlers)
[GIN-debug] POST   /user/:user_name          --> video-server/api.Login (4 handlers)
[GIN-debug] GET    /user/:user_name          --> video-server/api.GetUserInfo (4 handlers)
[GIN-debug] POST   /user/:user_name/logout   --> video-server/api.Logout (4 handlers)
[GIN-debug] POST   /user/:user_name/videos   --> video-server/api.AddNewVideo (4 handlers)
[GIN-debug] GET    /user/:user_name/videos   --> video-server/api.ListUserAllVideos (4 handlers)
[GIN-debug] DELETE /user/:user_name/videos/:vid --> video-server/api.DeleteVideoInfo (4 handlers)
[GIN-debug] POST   /videos/:vid/comments     --> video-server/api.PostComments (4 handlers)
[GIN-debug] GET    /videos/:vid/comments     --> video-server/api.ListComments (4 handlers)
[GIN-debug] GET    /videos                   --> video-server/api.ListAllVideos (4 handlers)
[GIN-debug] GET    /health/live              --> video-server/internal/health.(*HealthChecker).RegisterRoutes.func1 (4 handlers)
[GIN-debug] GET    /health/ready             --> video-server/internal/health.(*HealthChecker).RegisterRoutes.func2 (4 handlers)
[GIN-debug] GET    /health/startup           --> video-server/internal/health.(*HealthChecker).RegisterRoutes.func3 (4 handlers)
2026/03/08 23:06:09 [api-service] HTTP服务器启动在 :8000
2026/03/08 23:06:09 [api-service] 服务已就绪，开始接收请求
[GIN] 2026/03/08 - 23:06:22 | 200 |      43.127µs |       127.0.0.1 | GET      "/health/ready"
