2026/03/08 23:06:09 [Config] 配置加载成功: ./config/config.json
2026/03/08 23:06:09 [web-service] 服务启动中...
[GIN-debug] [WARNING] Creating an Engine instance with the Logger and Recovery middleware already attached.

[GIN-debug] [WARNING] Running in "debug" mode. Switch to "release" mode in production.
 - using env:	export GIN_MODE=release
 - using code:	gin.SetMode(gin.ReleaseMode)

[GIN-debug] Loaded HTML Templates (3): 
	- 
	- home.html
	- userhome.html

[GIN-debug] GET    /statics/*filepath        --> github.com/gin-gonic/gin.(*RouterGroup).createStaticHandler.func1 (3 handlers)
[GIN-debug] HEAD   /statics/*filepath        --> github.com/gin-gonic/gin.(*RouterGroup).createStaticHandler.func1 (3 handlers)
[GIN-debug] GET    /                         --> video-server/web.homeHandler (3 handlers)
[GIN-debug] POST   /                         --> video-server/web.homeHandler (3 handlers)
[GIN-debug] GET    /userhome                 --> video-server/web.userHomeHandler (3 handlers)
[GIN-debug] POST   /userhome                 --> video-server/web.userHomeHandler (3 handlers)
[GIN-debug] POST   /api                      --> video-server/web.apiHandler (3 handlers)
[GIN-debug] GET    /videos/:vid-id           --> video-server/web.proxyVideoViewHandler (3 handlers)
[GIN-debug] POST   /videos/upload/:vid-id    --> video-server/web.proxyUploadHandler (3 handlers)
[GIN-debug] GET    /health/live              --> video-server/internal/health.(*HealthChecker).RegisterRoutes.func1 (3 handlers)
[GIN-debug] GET    /health/ready             --> video-server/internal/health.(*HealthChecker).RegisterRoutes.func2 (3 handlers)
[GIN-debug] GET    /health/startup           --> video-server/internal/health.(*HealthChecker).RegisterRoutes.func3 (3 handlers)
2026/03/08 23:06:09 [web-service] HTTP服务器启动在 :8080
2026/03/08 23:06:09 [web-service] 服务已就绪
[GIN] 2026/03/08 - 23:06:22 | 200 |      42.476µs |       127.0.0.1 | GET      "/health/ready"
